{
    "subscriptionName": "Microsoft Azure Sponsorship",
    "location": "eastus",
    "clientId": "",
    "clientSecret": ""  
}