{
  "$schema": "https://schema.management.azure.com/schemas/2015-01-01/deploymentParameters.json#",
  "contentVersion": "1.0.0.0",
  "parameters": {
    "nameSuffixShort": {
      "value": "sbx-eastus-001"
    },
    "location": {
      "value": "eastus"
    }
  }
}