{
  "$schema": "https://schema.management.azure.com/schemas/2015-01-01/deploymentParameters.json#",
  "contentVersion": "1.0.0.0",
  "parameters": {
    "location": {
      "value": "centralus"
    },
    "name": {
      "value": "core-sbx-001"
    },
    "coreTags": {
      "value": {
        "env": "sbx",
        "project-name": "Static web app"
      }
    },
    "sku": {
      "value": "free"
    },
    "appArtifactLocation": {
      "value": ""
    },
    "repositoryUrl": {
      "value": ""
    },
    "branch": {
      "value": ""
    },
    "repositoryToken": {
      "value": ""
    }
  }
}