{
    "PAT": "w67eqcg25k2adnazlwzmxvphvppvj7lmf7pit7rxrksgezg5nxhq",
    "Organization": "ajaymaile",
    "pipelineName": "Golden Templates",
    "processTemplate": "b8a3a935-7e91-48b8-a94c-606d37c3e9f2",
    "branchName": "master",
    "localCodeDirectory": "C:/Users/SSTIN/OneDrive/Desktop/recent/files",
    "yamlFilePath": "C:/Users/SSTIN/OneDrive/Desktop/recent/files/push_code_job.yml",
    "path": "push_code_job.yml",
    "projectName": "InfraGenie",
    "feedName": "Genie"
}

