{
  "$schema": "https://schema.management.azure.com/schemas/2015-01-01/deploymentParameters.json#",
  "contentVersion": "1.0.0.0",
  "parameters": {
    "location": {
      "value": "eastus"
    },
    "nameSuffix": {
      "value": "nsg-poc-shrd-dev-001"
    },
    "coreTags": {
      "value": {
        "project-name":"poc"
      }
    }
  }
}