{
    "coreTags": 
    {
        "technical-contact": "Vyas Bharghava <vyas@rhipheus.com>",
        "billing-contact": "Vyas Bharghava <vyas@rhipheus.com>"
    }
}