{
    "localDirectoryPath":"../../Assets/Genie_ai_90x90.png",
    "storageAccountName": "stgeniedev001",
    "storageAccountKey": "SEqgaVPlt2kD7YSempf42zIUpCW9N2+PNGBLKhCqUkVFxqqOOy+i6UzhnpGEwQS4bQ8o0Owi779F+ASt09nTTQ==",
    "containerName": "sample"
}