Rhipheus Infra Genie v1.0.0
(c) 2023. Rhipheus LLC.  All Rights Reserved.

Use of this package requires a valid Infra Genie license. 
Should you require a licese please email vyas@rhipheus.com or archana@rhipheus.com